<?xml version="1.0"?>
<link_info>
   <banner>TMS320C55x Linker PC v4.4.1</banner>
   <copyright>Copyright (c) 1996-2012 Texas Instruments Incorporated</copyright>
   <link_time>0x655c9abc</link_time>
   <output_file>audio_filter.out</output_file>
   <entry_point>
      <name>_c_int00</name>
      <address>0x111e3</address>
   </entry_point>
   <input_file_list>
      <input_file id="fl-2">
         <path>.\</path>
         <kind>object</kind>
         <file>fir.obj</file>
         <name>fir.obj</name>
      </input_file>
      <input_file id="fl-3">
         <path>.\</path>
         <kind>object</kind>
         <file>fir2_asm.obj</file>
         <name>fir2_asm.obj</name>
      </input_file>
      <input_file id="fl-4">
         <path>.\</path>
         <kind>object</kind>
         <file>fir_asm.obj</file>
         <name>fir_asm.obj</name>
      </input_file>
      <input_file id="fl-5">
         <path>.\</path>
         <kind>object</kind>
         <file>iir.obj</file>
         <name>iir.obj</name>
      </input_file>
      <input_file id="fl-6">
         <path>.\</path>
         <kind>object</kind>
         <file>main.obj</file>
         <name>main.obj</name>
      </input_file>
      <input_file id="fl-1d">
         <path>C:\ti\ccsv6\tools\compiler\c5500_4.4.1\lib\</path>
         <kind>archive</kind>
         <file>rts55x.lib</file>
         <name>addd.obj</name>
      </input_file>
      <input_file id="fl-1e">
         <path>C:\ti\ccsv6\tools\compiler\c5500_4.4.1\lib\</path>
         <kind>archive</kind>
         <file>rts55x.lib</file>
         <name>boot.obj</name>
      </input_file>
      <input_file id="fl-1f">
         <path>C:\ti\ccsv6\tools\compiler\c5500_4.4.1\lib\</path>
         <kind>archive</kind>
         <file>rts55x.lib</file>
         <name>exit.obj</name>
      </input_file>
      <input_file id="fl-20">
         <path>C:\ti\ccsv6\tools\compiler\c5500_4.4.1\lib\</path>
         <kind>archive</kind>
         <file>rts55x.lib</file>
         <name>fixdi.obj</name>
      </input_file>
      <input_file id="fl-21">
         <path>C:\ti\ccsv6\tools\compiler\c5500_4.4.1\lib\</path>
         <kind>archive</kind>
         <file>rts55x.lib</file>
         <name>fixdli.obj</name>
      </input_file>
      <input_file id="fl-22">
         <path>C:\ti\ccsv6\tools\compiler\c5500_4.4.1\lib\</path>
         <kind>archive</kind>
         <file>rts55x.lib</file>
         <name>fltid.obj</name>
      </input_file>
      <input_file id="fl-23">
         <path>C:\ti\ccsv6\tools\compiler\c5500_4.4.1\lib\</path>
         <kind>archive</kind>
         <file>rts55x.lib</file>
         <name>fltlid.obj</name>
      </input_file>
      <input_file id="fl-24">
         <path>C:\ti\ccsv6\tools\compiler\c5500_4.4.1\lib\</path>
         <kind>archive</kind>
         <file>rts55x.lib</file>
         <name>lmpy.obj</name>
      </input_file>
      <input_file id="fl-25">
         <path>C:\ti\ccsv6\tools\compiler\c5500_4.4.1\lib\</path>
         <kind>archive</kind>
         <file>rts55x.lib</file>
         <name>mpyd.obj</name>
      </input_file>
      <input_file id="fl-26">
         <path>C:\ti\ccsv6\tools\compiler\c5500_4.4.1\lib\</path>
         <kind>archive</kind>
         <file>rts55x.lib</file>
         <name>subd.obj</name>
      </input_file>
      <input_file id="fl-27">
         <path>C:\ti\ccsv6\tools\compiler\c5500_4.4.1\lib\</path>
         <kind>archive</kind>
         <file>rts55x.lib</file>
         <name>vectors.obj</name>
      </input_file>
      <input_file id="fl-28">
         <path>C:\ti\ccsv6\tools\compiler\c5500_4.4.1\lib\</path>
         <kind>archive</kind>
         <file>rts55x.lib</file>
         <name>_lock.obj</name>
      </input_file>
      <input_file id="fl-29">
         <path>C:\ti\ccsv6\tools\compiler\c5500_4.4.1\lib\</path>
         <kind>archive</kind>
         <file>rts55x.lib</file>
         <name>args_main.obj</name>
      </input_file>
      <input_file id="fl-2a">
         <path>C:\ti\ccsv6\tools\compiler\c5500_4.4.1\lib\</path>
         <kind>archive</kind>
         <file>rts55x.lib</file>
         <name>autoinit.obj</name>
      </input_file>
      <input_file id="fl-2b">
         <path>C:\ti\ccsv6\tools\compiler\c5500_4.4.1\lib\</path>
         <kind>archive</kind>
         <file>rts55x.lib</file>
         <name>frcmpyd.obj</name>
      </input_file>
   </input_file_list>
   <object_component_list>
      <object_component id="oc-5e">
         <name>vectors</name>
         <load_address>0x5d50</load_address>
         <run_address>0x5d50</run_address>
         <size>0x100</size>
         <input_file_ref idref="fl-27"/>
      </object_component>
      <object_component id="oc-29">
         <name>.bss</name>
         <uninitialized>true</uninitialized>
         <run_address>0x4358</run_address>
         <size>0x15dc</size>
         <input_file_ref idref="fl-6"/>
      </object_component>
      <object_component id="oc-3a">
         <name>.bss</name>
         <uninitialized>true</uninitialized>
         <run_address>0x593c</run_address>
         <size>0x8</size>
         <input_file_ref idref="fl-1f"/>
      </object_component>
      <object_component id="oc-63">
         <name>.bss</name>
         <uninitialized>true</uninitialized>
         <run_address>0x5934</run_address>
         <size>0x8</size>
         <input_file_ref idref="fl-28"/>
      </object_component>
      <object_component id="oc-35">
         <name>.stack</name>
         <uninitialized>true</uninitialized>
         <run_address>0x5944</run_address>
         <size>0x0</size>
         <input_file_ref idref="fl-1e"/>
      </object_component>
      <object_component id="oc-91">
         <name>.stack</name>
         <uninitialized>true</uninitialized>
         <run_address>0x5944</run_address>
         <size>0x0</size>
      </object_component>
      <object_component id="oc-74">
         <name>.sysstack</name>
         <uninitialized>true</uninitialized>
         <run_address>0x5b44</run_address>
         <size>0x0</size>
         <input_file_ref idref="fl-1e"/>
      </object_component>
      <object_component id="oc-92">
         <name>.sysstack</name>
         <uninitialized>true</uninitialized>
         <run_address>0x5b44</run_address>
         <size>0x0</size>
      </object_component>
      <object_component id="oc-23">
         <name>.text</name>
         <load_address>0x10000</load_address>
         <run_address>0x10000</run_address>
         <size>0x50c</size>
         <input_file_ref idref="fl-5"/>
      </object_component>
      <object_component id="oc-28">
         <name>.text</name>
         <load_address>0x1050c</load_address>
         <run_address>0x1050c</run_address>
         <size>0x344</size>
         <input_file_ref idref="fl-6"/>
      </object_component>
      <object_component id="oc-16">
         <name>.text</name>
         <load_address>0x10850</load_address>
         <run_address>0x10850</run_address>
         <size>0x2fa</size>
         <input_file_ref idref="fl-2"/>
      </object_component>
      <object_component id="oc-31">
         <name>.text</name>
         <load_address>0x10b4a</load_address>
         <run_address>0x10b4a</run_address>
         <size>0x25a</size>
         <input_file_ref idref="fl-1d"/>
      </object_component>
      <object_component id="oc-55">
         <name>.text</name>
         <load_address>0x10da4</load_address>
         <run_address>0x10da4</run_address>
         <size>0x14c</size>
         <input_file_ref idref="fl-25"/>
      </object_component>
      <object_component id="oc-1b">
         <name>.text</name>
         <load_address>0x10ef0</load_address>
         <run_address>0x10ef0</run_address>
         <size>0x7b</size>
         <input_file_ref idref="fl-3"/>
      </object_component>
      <object_component id="oc-70">
         <name>.text</name>
         <load_address>0x10f6b</load_address>
         <run_address>0x10f6b</run_address>
         <size>0x76</size>
         <input_file_ref idref="fl-2b"/>
      </object_component>
      <object_component id="oc-44">
         <name>.text</name>
         <load_address>0x10fe1</load_address>
         <run_address>0x10fe1</run_address>
         <size>0x6f</size>
         <input_file_ref idref="fl-21"/>
      </object_component>
      <object_component id="oc-4c">
         <name>.text</name>
         <load_address>0x11050</load_address>
         <run_address>0x11050</run_address>
         <size>0x67</size>
         <input_file_ref idref="fl-23"/>
      </object_component>
      <object_component id="oc-1f">
         <name>.text</name>
         <load_address>0x110b7</load_address>
         <run_address>0x110b7</run_address>
         <size>0x56</size>
         <input_file_ref idref="fl-4"/>
      </object_component>
      <object_component id="oc-6c">
         <name>.text</name>
         <load_address>0x1110d</load_address>
         <run_address>0x1110d</run_address>
         <size>0x4d</size>
         <input_file_ref idref="fl-2a"/>
      </object_component>
      <object_component id="oc-68">
         <name>.text</name>
         <load_address>0x1115a</load_address>
         <run_address>0x1115a</run_address>
         <size>0x4b</size>
         <input_file_ref idref="fl-29"/>
      </object_component>
      <object_component id="oc-39">
         <name>.text</name>
         <load_address>0x111a5</load_address>
         <run_address>0x111a5</run_address>
         <size>0x3e</size>
         <input_file_ref idref="fl-1f"/>
      </object_component>
      <object_component id="oc-15">
         <name>.text</name>
         <load_address>0x111e3</load_address>
         <run_address>0x111e3</run_address>
         <size>0x34</size>
         <input_file_ref idref="fl-1e"/>
      </object_component>
      <object_component id="oc-40">
         <name>.text</name>
         <load_address>0x11217</load_address>
         <run_address>0x11217</run_address>
         <size>0x2a</size>
         <input_file_ref idref="fl-20"/>
      </object_component>
      <object_component id="oc-59">
         <name>.text</name>
         <load_address>0x11241</load_address>
         <run_address>0x11241</run_address>
         <size>0x14</size>
         <input_file_ref idref="fl-26"/>
      </object_component>
      <object_component id="oc-51">
         <name>.text</name>
         <load_address>0x11255</load_address>
         <run_address>0x11255</run_address>
         <size>0x13</size>
         <input_file_ref idref="fl-24"/>
      </object_component>
      <object_component id="oc-62">
         <name>.text</name>
         <load_address>0x11268</load_address>
         <run_address>0x11268</run_address>
         <size>0x12</size>
         <input_file_ref idref="fl-28"/>
      </object_component>
      <object_component id="oc-48">
         <name>.text</name>
         <load_address>0x1127a</load_address>
         <run_address>0x1127a</run_address>
         <size>0xc</size>
         <input_file_ref idref="fl-22"/>
      </object_component>
      <object_component id="oc-3d">
         <name>.text:CIO_breakpoint</name>
         <load_address>0x11286</load_address>
         <run_address>0x11286</run_address>
         <size>0x7</size>
         <input_file_ref idref="fl-1f"/>
      </object_component>
      <object_component id="oc-5d">
         <name>.text</name>
         <load_address>0x1128d</load_address>
         <run_address>0x1128d</run_address>
         <size>0x2</size>
         <input_file_ref idref="fl-27"/>
      </object_component>
      <object_component id="oc-2b">
         <name>.cinit</name>
         <load_address>0xc0</load_address>
         <run_address>0xc0</run_address>
         <size>0x426c</size>
         <input_file_ref idref="fl-6"/>
      </object_component>
      <object_component id="oc-65">
         <name>.cinit</name>
         <load_address>0x432c</load_address>
         <run_address>0x432c</run_address>
         <size>0x14</size>
         <input_file_ref idref="fl-28"/>
      </object_component>
      <object_component id="oc-3c">
         <name>.cinit</name>
         <load_address>0x4340</load_address>
         <run_address>0x4340</run_address>
         <size>0x14</size>
         <input_file_ref idref="fl-1f"/>
      </object_component>
      <object_component id="oc-2d">
         <name>.const</name>
         <load_address>0x5d44</load_address>
         <run_address>0x5d44</run_address>
         <size>0x8</size>
         <input_file_ref idref="fl-6"/>
      </object_component>
      <object_component id="oc-4e">
         <name>.const</name>
         <load_address>0x5d4c</load_address>
         <run_address>0x5d4c</run_address>
         <size>0x4</size>
         <input_file_ref idref="fl-23"/>
      </object_component>
      <object_component id="oc-2c">
         <name>audiobuf</name>
         <uninitialized>true</uninitialized>
         <run_address>0x30000</run_address>
         <size>0x4000</size>
         <input_file_ref idref="fl-6"/>
      </object_component>
      <object_component id="oc-17">
         <name>.debug_info</name>
         <load_address>0x0</load_address>
         <run_address>0x0</run_address>
         <size>0xeab</size>
         <input_file_ref idref="fl-2"/>
      </object_component>
      <object_component id="oc-1c">
         <name>.debug_info</name>
         <load_address>0xeab</load_address>
         <run_address>0xeab</run_address>
         <size>0xec</size>
         <input_file_ref idref="fl-3"/>
      </object_component>
      <object_component id="oc-20">
         <name>.debug_info</name>
         <load_address>0xf97</load_address>
         <run_address>0xf97</run_address>
         <size>0xea</size>
         <input_file_ref idref="fl-4"/>
      </object_component>
      <object_component id="oc-24">
         <name>.debug_info</name>
         <load_address>0x1081</load_address>
         <run_address>0x1081</run_address>
         <size>0x101c</size>
         <input_file_ref idref="fl-5"/>
      </object_component>
      <object_component id="oc-2a">
         <name>.debug_info</name>
         <load_address>0x209d</load_address>
         <run_address>0x209d</run_address>
         <size>0x10d7</size>
         <input_file_ref idref="fl-6"/>
      </object_component>
      <object_component id="oc-32">
         <name>.debug_info</name>
         <load_address>0x3174</load_address>
         <run_address>0x3174</run_address>
         <size>0x5ab</size>
         <input_file_ref idref="fl-1d"/>
      </object_component>
      <object_component id="oc-36">
         <name>.debug_info</name>
         <load_address>0x371f</load_address>
         <run_address>0x371f</run_address>
         <size>0xe8</size>
         <input_file_ref idref="fl-1e"/>
      </object_component>
      <object_component id="oc-3b">
         <name>.debug_info</name>
         <load_address>0x3807</load_address>
         <run_address>0x3807</run_address>
         <size>0x5fb</size>
         <input_file_ref idref="fl-1f"/>
      </object_component>
      <object_component id="oc-41">
         <name>.debug_info</name>
         <load_address>0x3e02</load_address>
         <run_address>0x3e02</run_address>
         <size>0x4cf</size>
         <input_file_ref idref="fl-20"/>
      </object_component>
      <object_component id="oc-45">
         <name>.debug_info</name>
         <load_address>0x42d1</load_address>
         <run_address>0x42d1</run_address>
         <size>0x534</size>
         <input_file_ref idref="fl-21"/>
      </object_component>
      <object_component id="oc-49">
         <name>.debug_info</name>
         <load_address>0x4805</load_address>
         <run_address>0x4805</run_address>
         <size>0x4cf</size>
         <input_file_ref idref="fl-22"/>
      </object_component>
      <object_component id="oc-4d">
         <name>.debug_info</name>
         <load_address>0x4cd4</load_address>
         <run_address>0x4cd4</run_address>
         <size>0x549</size>
         <input_file_ref idref="fl-23"/>
      </object_component>
      <object_component id="oc-52">
         <name>.debug_info</name>
         <load_address>0x521d</load_address>
         <run_address>0x521d</run_address>
         <size>0xbd</size>
         <input_file_ref idref="fl-24"/>
      </object_component>
      <object_component id="oc-56">
         <name>.debug_info</name>
         <load_address>0x52da</load_address>
         <run_address>0x52da</run_address>
         <size>0x55b</size>
         <input_file_ref idref="fl-25"/>
      </object_component>
      <object_component id="oc-5a">
         <name>.debug_info</name>
         <load_address>0x5835</load_address>
         <run_address>0x5835</run_address>
         <size>0x4de</size>
         <input_file_ref idref="fl-26"/>
      </object_component>
      <object_component id="oc-5f">
         <name>.debug_info</name>
         <load_address>0x5d13</load_address>
         <run_address>0x5d13</run_address>
         <size>0xbc</size>
         <input_file_ref idref="fl-27"/>
      </object_component>
      <object_component id="oc-64">
         <name>.debug_info</name>
         <load_address>0x5dcf</load_address>
         <run_address>0x5dcf</run_address>
         <size>0x5bc</size>
         <input_file_ref idref="fl-28"/>
      </object_component>
      <object_component id="oc-69">
         <name>.debug_info</name>
         <load_address>0x638b</load_address>
         <run_address>0x638b</run_address>
         <size>0x586</size>
         <input_file_ref idref="fl-29"/>
      </object_component>
      <object_component id="oc-6d">
         <name>.debug_info</name>
         <load_address>0x6911</load_address>
         <run_address>0x6911</run_address>
         <size>0xcd</size>
         <input_file_ref idref="fl-2a"/>
      </object_component>
      <object_component id="oc-71">
         <name>.debug_info</name>
         <load_address>0x69de</load_address>
         <run_address>0x69de</run_address>
         <size>0x4d2</size>
         <input_file_ref idref="fl-2b"/>
      </object_component>
      <object_component id="oc-94">
         <name>.debug_info</name>
         <load_address>0x6eb0</load_address>
         <run_address>0x6eb0</run_address>
         <size>0x6e</size>
      </object_component>
      <object_component id="oc-18">
         <name>.debug_frame</name>
         <load_address>0x0</load_address>
         <run_address>0x0</run_address>
         <size>0x1e1</size>
         <input_file_ref idref="fl-2"/>
      </object_component>
      <object_component id="oc-25">
         <name>.debug_frame</name>
         <load_address>0x1e1</load_address>
         <run_address>0x1e1</run_address>
         <size>0x232</size>
         <input_file_ref idref="fl-5"/>
      </object_component>
      <object_component id="oc-2e">
         <name>.debug_frame</name>
         <load_address>0x413</load_address>
         <run_address>0x413</run_address>
         <size>0x196</size>
         <input_file_ref idref="fl-6"/>
      </object_component>
      <object_component id="oc-19">
         <name>.debug_line</name>
         <load_address>0x0</load_address>
         <run_address>0x0</run_address>
         <size>0x185</size>
         <input_file_ref idref="fl-2"/>
      </object_component>
      <object_component id="oc-1d">
         <name>.debug_line</name>
         <load_address>0x185</load_address>
         <run_address>0x185</run_address>
         <size>0x64</size>
         <input_file_ref idref="fl-3"/>
      </object_component>
      <object_component id="oc-21">
         <name>.debug_line</name>
         <load_address>0x1e9</load_address>
         <run_address>0x1e9</run_address>
         <size>0x58</size>
         <input_file_ref idref="fl-4"/>
      </object_component>
      <object_component id="oc-26">
         <name>.debug_line</name>
         <load_address>0x241</load_address>
         <run_address>0x241</run_address>
         <size>0x1a0</size>
         <input_file_ref idref="fl-5"/>
      </object_component>
      <object_component id="oc-2f">
         <name>.debug_line</name>
         <load_address>0x3e1</load_address>
         <run_address>0x3e1</run_address>
         <size>0x130</size>
         <input_file_ref idref="fl-6"/>
      </object_component>
      <object_component id="oc-33">
         <name>.debug_line</name>
         <load_address>0x511</load_address>
         <run_address>0x511</run_address>
         <size>0x5c</size>
         <input_file_ref idref="fl-1d"/>
      </object_component>
      <object_component id="oc-37">
         <name>.debug_line</name>
         <load_address>0x56d</load_address>
         <run_address>0x56d</run_address>
         <size>0x54</size>
         <input_file_ref idref="fl-1e"/>
      </object_component>
      <object_component id="oc-3e">
         <name>.debug_line</name>
         <load_address>0x5c1</load_address>
         <run_address>0x5c1</run_address>
         <size>0x51</size>
         <input_file_ref idref="fl-1f"/>
      </object_component>
      <object_component id="oc-42">
         <name>.debug_line</name>
         <load_address>0x612</load_address>
         <run_address>0x612</run_address>
         <size>0x3d</size>
         <input_file_ref idref="fl-20"/>
      </object_component>
      <object_component id="oc-46">
         <name>.debug_line</name>
         <load_address>0x64f</load_address>
         <run_address>0x64f</run_address>
         <size>0x3d</size>
         <input_file_ref idref="fl-21"/>
      </object_component>
      <object_component id="oc-4a">
         <name>.debug_line</name>
         <load_address>0x68c</load_address>
         <run_address>0x68c</run_address>
         <size>0x3d</size>
         <input_file_ref idref="fl-22"/>
      </object_component>
      <object_component id="oc-4f">
         <name>.debug_line</name>
         <load_address>0x6c9</load_address>
         <run_address>0x6c9</run_address>
         <size>0x44</size>
         <input_file_ref idref="fl-23"/>
      </object_component>
      <object_component id="oc-53">
         <name>.debug_line</name>
         <load_address>0x70d</load_address>
         <run_address>0x70d</run_address>
         <size>0x3c</size>
         <input_file_ref idref="fl-24"/>
      </object_component>
      <object_component id="oc-57">
         <name>.debug_line</name>
         <load_address>0x749</load_address>
         <run_address>0x749</run_address>
         <size>0x3c</size>
         <input_file_ref idref="fl-25"/>
      </object_component>
      <object_component id="oc-5b">
         <name>.debug_line</name>
         <load_address>0x785</load_address>
         <run_address>0x785</run_address>
         <size>0x37</size>
         <input_file_ref idref="fl-26"/>
      </object_component>
      <object_component id="oc-60">
         <name>.debug_line</name>
         <load_address>0x7bc</load_address>
         <run_address>0x7bc</run_address>
         <size>0x37</size>
         <input_file_ref idref="fl-27"/>
      </object_component>
      <object_component id="oc-66">
         <name>.debug_line</name>
         <load_address>0x7f3</load_address>
         <run_address>0x7f3</run_address>
         <size>0x57</size>
         <input_file_ref idref="fl-28"/>
      </object_component>
      <object_component id="oc-6a">
         <name>.debug_line</name>
         <load_address>0x84a</load_address>
         <run_address>0x84a</run_address>
         <size>0x41</size>
         <input_file_ref idref="fl-29"/>
      </object_component>
      <object_component id="oc-6e">
         <name>.debug_line</name>
         <load_address>0x88b</load_address>
         <run_address>0x88b</run_address>
         <size>0x55</size>
         <input_file_ref idref="fl-2a"/>
      </object_component>
      <object_component id="oc-72">
         <name>.debug_line</name>
         <load_address>0x8e0</load_address>
         <run_address>0x8e0</run_address>
         <size>0x3a</size>
         <input_file_ref idref="fl-2b"/>
      </object_component>
      <object_component id="oc-1a">
         <name>.debug_abbrev</name>
         <load_address>0x0</load_address>
         <run_address>0x0</run_address>
         <size>0xc9</size>
         <input_file_ref idref="fl-2"/>
      </object_component>
      <object_component id="oc-1e">
         <name>.debug_abbrev</name>
         <load_address>0xc9</load_address>
         <run_address>0xc9</run_address>
         <size>0x2c</size>
         <input_file_ref idref="fl-3"/>
      </object_component>
      <object_component id="oc-22">
         <name>.debug_abbrev</name>
         <load_address>0xf5</load_address>
         <run_address>0xf5</run_address>
         <size>0x2c</size>
         <input_file_ref idref="fl-4"/>
      </object_component>
      <object_component id="oc-27">
         <name>.debug_abbrev</name>
         <load_address>0x121</load_address>
         <run_address>0x121</run_address>
         <size>0x100</size>
         <input_file_ref idref="fl-5"/>
      </object_component>
      <object_component id="oc-30">
         <name>.debug_abbrev</name>
         <load_address>0x221</load_address>
         <run_address>0x221</run_address>
         <size>0x114</size>
         <input_file_ref idref="fl-6"/>
      </object_component>
      <object_component id="oc-34">
         <name>.debug_abbrev</name>
         <load_address>0x335</load_address>
         <run_address>0x335</run_address>
         <size>0xd4</size>
         <input_file_ref idref="fl-1d"/>
      </object_component>
      <object_component id="oc-38">
         <name>.debug_abbrev</name>
         <load_address>0x409</load_address>
         <run_address>0x409</run_address>
         <size>0x3a</size>
         <input_file_ref idref="fl-1e"/>
      </object_component>
      <object_component id="oc-3f">
         <name>.debug_abbrev</name>
         <load_address>0x443</load_address>
         <run_address>0x443</run_address>
         <size>0xf7</size>
         <input_file_ref idref="fl-1f"/>
      </object_component>
      <object_component id="oc-43">
         <name>.debug_abbrev</name>
         <load_address>0x53a</load_address>
         <run_address>0x53a</run_address>
         <size>0x8f</size>
         <input_file_ref idref="fl-20"/>
      </object_component>
      <object_component id="oc-47">
         <name>.debug_abbrev</name>
         <load_address>0x5c9</load_address>
         <run_address>0x5c9</run_address>
         <size>0xb7</size>
         <input_file_ref idref="fl-21"/>
      </object_component>
      <object_component id="oc-4b">
         <name>.debug_abbrev</name>
         <load_address>0x680</load_address>
         <run_address>0x680</run_address>
         <size>0x8f</size>
         <input_file_ref idref="fl-22"/>
      </object_component>
      <object_component id="oc-50">
         <name>.debug_abbrev</name>
         <load_address>0x70f</load_address>
         <run_address>0x70f</run_address>
         <size>0xc2</size>
         <input_file_ref idref="fl-23"/>
      </object_component>
      <object_component id="oc-54">
         <name>.debug_abbrev</name>
         <load_address>0x7d1</load_address>
         <run_address>0x7d1</run_address>
         <size>0x38</size>
         <input_file_ref idref="fl-24"/>
      </object_component>
      <object_component id="oc-58">
         <name>.debug_abbrev</name>
         <load_address>0x809</load_address>
         <run_address>0x809</run_address>
         <size>0xdc</size>
         <input_file_ref idref="fl-25"/>
      </object_component>
      <object_component id="oc-5c">
         <name>.debug_abbrev</name>
         <load_address>0x8e5</load_address>
         <run_address>0x8e5</run_address>
         <size>0x8f</size>
         <input_file_ref idref="fl-26"/>
      </object_component>
      <object_component id="oc-61">
         <name>.debug_abbrev</name>
         <load_address>0x974</load_address>
         <run_address>0x974</run_address>
         <size>0x26</size>
         <input_file_ref idref="fl-27"/>
      </object_component>
      <object_component id="oc-67">
         <name>.debug_abbrev</name>
         <load_address>0x99a</load_address>
         <run_address>0x99a</run_address>
         <size>0x9f</size>
         <input_file_ref idref="fl-28"/>
      </object_component>
      <object_component id="oc-6b">
         <name>.debug_abbrev</name>
         <load_address>0xa39</load_address>
         <run_address>0xa39</run_address>
         <size>0xec</size>
         <input_file_ref idref="fl-29"/>
      </object_component>
      <object_component id="oc-6f">
         <name>.debug_abbrev</name>
         <load_address>0xb25</load_address>
         <run_address>0xb25</run_address>
         <size>0x44</size>
         <input_file_ref idref="fl-2a"/>
      </object_component>
      <object_component id="oc-73">
         <name>.debug_abbrev</name>
         <load_address>0xb69</load_address>
         <run_address>0xb69</run_address>
         <size>0x81</size>
         <input_file_ref idref="fl-2b"/>
      </object_component>
      <object_component id="oc-95">
         <name>.debug_abbrev</name>
         <load_address>0xbea</load_address>
         <run_address>0xbea</run_address>
         <size>0xd</size>
      </object_component>
   </object_component_list>
   <logical_group_list>
      <logical_group id="lg-2">
         <name>vectors</name>
         <load_address>0x5d50</load_address>
         <run_address>0x5d50</run_address>
         <size>0x100</size>
         <contents>
            <object_component_ref idref="oc-5e"/>
         </contents>
      </logical_group>
      <logical_group id="lg-3">
         <name>.bss</name>
         <run_address>0x4358</run_address>
         <size>0x15ec</size>
         <contents>
            <object_component_ref idref="oc-29"/>
            <object_component_ref idref="oc-3a"/>
            <object_component_ref idref="oc-63"/>
         </contents>
      </logical_group>
      <logical_group id="lg-4">
         <name>vector</name>
         <run_address>0x0</run_address>
         <size>0x0</size>
         <contents>
         </contents>
      </logical_group>
      <logical_group id="lg-5">
         <name>.stack</name>
         <run_address>0x5944</run_address>
         <size>0x200</size>
         <contents>
            <object_component_ref idref="oc-35"/>
            <object_component_ref idref="oc-91"/>
         </contents>
      </logical_group>
      <logical_group id="lg-6">
         <name>.sysstack</name>
         <run_address>0x5b44</run_address>
         <size>0x200</size>
         <contents>
            <object_component_ref idref="oc-74"/>
            <object_component_ref idref="oc-92"/>
         </contents>
      </logical_group>
      <logical_group id="lg-7">
         <name>.sysmem</name>
         <run_address>0x0</run_address>
         <size>0x0</size>
         <contents>
         </contents>
      </logical_group>
      <logical_group id="lg-8">
         <name>.text</name>
         <load_address>0x10000</load_address>
         <run_address>0x10000</run_address>
         <size>0x1290</size>
         <contents>
            <object_component_ref idref="oc-23"/>
            <object_component_ref idref="oc-28"/>
            <object_component_ref idref="oc-16"/>
            <object_component_ref idref="oc-31"/>
            <object_component_ref idref="oc-55"/>
            <object_component_ref idref="oc-1b"/>
            <object_component_ref idref="oc-70"/>
            <object_component_ref idref="oc-44"/>
            <object_component_ref idref="oc-4c"/>
            <object_component_ref idref="oc-1f"/>
            <object_component_ref idref="oc-6c"/>
            <object_component_ref idref="oc-68"/>
            <object_component_ref idref="oc-39"/>
            <object_component_ref idref="oc-15"/>
            <object_component_ref idref="oc-40"/>
            <object_component_ref idref="oc-59"/>
            <object_component_ref idref="oc-51"/>
            <object_component_ref idref="oc-62"/>
            <object_component_ref idref="oc-48"/>
            <object_component_ref idref="oc-3d"/>
            <object_component_ref idref="oc-5d"/>
         </contents>
      </logical_group>
      <logical_group id="lg-9">
         <name>.data</name>
         <run_address>0xc0</run_address>
         <size>0x0</size>
         <contents>
         </contents>
      </logical_group>
      <logical_group id="lg-a">
         <name>.cinit</name>
         <load_address>0xc0</load_address>
         <run_address>0xc0</run_address>
         <size>0x4296</size>
         <contents>
            <object_component_ref idref="oc-2b"/>
            <object_component_ref idref="oc-65"/>
            <object_component_ref idref="oc-3c"/>
         </contents>
      </logical_group>
      <logical_group id="lg-b">
         <name>.const</name>
         <load_address>0x5d44</load_address>
         <run_address>0x5d44</run_address>
         <size>0xc</size>
         <contents>
            <object_component_ref idref="oc-2d"/>
            <object_component_ref idref="oc-4e"/>
         </contents>
      </logical_group>
      <logical_group id="lg-c">
         <name>.cio</name>
         <run_address>0x0</run_address>
         <size>0x0</size>
         <contents>
         </contents>
      </logical_group>
      <logical_group id="lg-d">
         <name>.usect</name>
         <run_address>0x0</run_address>
         <size>0x0</size>
         <contents>
         </contents>
      </logical_group>
      <logical_group id="lg-e">
         <name>.switch</name>
         <run_address>0x0</run_address>
         <size>0x0</size>
         <contents>
         </contents>
      </logical_group>
      <logical_group id="lg-f">
         <name>audiobuf</name>
         <run_address>0x30000</run_address>
         <size>0x4000</size>
         <contents>
            <object_component_ref idref="oc-2c"/>
         </contents>
      </logical_group>
      <logical_group id="lg-10">
         <name>.emif_cs0</name>
         <run_address>0x0</run_address>
         <size>0x0</size>
         <contents>
         </contents>
      </logical_group>
      <logical_group id="lg-11">
         <name>.emif_cs2</name>
         <run_address>0x0</run_address>
         <size>0x0</size>
         <contents>
         </contents>
      </logical_group>
      <logical_group id="lg-12">
         <name>.emif_cs3</name>
         <run_address>0x0</run_address>
         <size>0x0</size>
         <contents>
         </contents>
      </logical_group>
      <logical_group id="lg-13">
         <name>.emif_cs4</name>
         <run_address>0x0</run_address>
         <size>0x0</size>
         <contents>
         </contents>
      </logical_group>
      <logical_group id="lg-14">
         <name>.emif_cs5</name>
         <run_address>0x0</run_address>
         <size>0x0</size>
         <contents>
         </contents>
      </logical_group>
      <logical_group id="lg-88">
         <name>.debug_info</name>
         <load_address>0x0</load_address>
         <run_address>0x0</run_address>
         <size>0x6f1e</size>
         <contents>
            <object_component_ref idref="oc-17"/>
            <object_component_ref idref="oc-1c"/>
            <object_component_ref idref="oc-20"/>
            <object_component_ref idref="oc-24"/>
            <object_component_ref idref="oc-2a"/>
            <object_component_ref idref="oc-32"/>
            <object_component_ref idref="oc-36"/>
            <object_component_ref idref="oc-3b"/>
            <object_component_ref idref="oc-41"/>
            <object_component_ref idref="oc-45"/>
            <object_component_ref idref="oc-49"/>
            <object_component_ref idref="oc-4d"/>
            <object_component_ref idref="oc-52"/>
            <object_component_ref idref="oc-56"/>
            <object_component_ref idref="oc-5a"/>
            <object_component_ref idref="oc-5f"/>
            <object_component_ref idref="oc-64"/>
            <object_component_ref idref="oc-69"/>
            <object_component_ref idref="oc-6d"/>
            <object_component_ref idref="oc-71"/>
            <object_component_ref idref="oc-94"/>
         </contents>
      </logical_group>
      <logical_group id="lg-8a">
         <name>.debug_frame</name>
         <load_address>0x0</load_address>
         <run_address>0x0</run_address>
         <size>0x5a9</size>
         <contents>
            <object_component_ref idref="oc-18"/>
            <object_component_ref idref="oc-25"/>
            <object_component_ref idref="oc-2e"/>
         </contents>
      </logical_group>
      <logical_group id="lg-8c">
         <name>.debug_line</name>
         <load_address>0x0</load_address>
         <run_address>0x0</run_address>
         <size>0x91a</size>
         <contents>
            <object_component_ref idref="oc-19"/>
            <object_component_ref idref="oc-1d"/>
            <object_component_ref idref="oc-21"/>
            <object_component_ref idref="oc-26"/>
            <object_component_ref idref="oc-2f"/>
            <object_component_ref idref="oc-33"/>
            <object_component_ref idref="oc-37"/>
            <object_component_ref idref="oc-3e"/>
            <object_component_ref idref="oc-42"/>
            <object_component_ref idref="oc-46"/>
            <object_component_ref idref="oc-4a"/>
            <object_component_ref idref="oc-4f"/>
            <object_component_ref idref="oc-53"/>
            <object_component_ref idref="oc-57"/>
            <object_component_ref idref="oc-5b"/>
            <object_component_ref idref="oc-60"/>
            <object_component_ref idref="oc-66"/>
            <object_component_ref idref="oc-6a"/>
            <object_component_ref idref="oc-6e"/>
            <object_component_ref idref="oc-72"/>
         </contents>
      </logical_group>
      <logical_group id="lg-8e">
         <name>.debug_abbrev</name>
         <load_address>0x0</load_address>
         <run_address>0x0</run_address>
         <size>0xbf7</size>
         <contents>
            <object_component_ref idref="oc-1a"/>
            <object_component_ref idref="oc-1e"/>
            <object_component_ref idref="oc-22"/>
            <object_component_ref idref="oc-27"/>
            <object_component_ref idref="oc-30"/>
            <object_component_ref idref="oc-34"/>
            <object_component_ref idref="oc-38"/>
            <object_component_ref idref="oc-3f"/>
            <object_component_ref idref="oc-43"/>
            <object_component_ref idref="oc-47"/>
            <object_component_ref idref="oc-4b"/>
            <object_component_ref idref="oc-50"/>
            <object_component_ref idref="oc-54"/>
            <object_component_ref idref="oc-58"/>
            <object_component_ref idref="oc-5c"/>
            <object_component_ref idref="oc-61"/>
            <object_component_ref idref="oc-67"/>
            <object_component_ref idref="oc-6b"/>
            <object_component_ref idref="oc-6f"/>
            <object_component_ref idref="oc-73"/>
            <object_component_ref idref="oc-95"/>
         </contents>
      </logical_group>
   </logical_group_list>
   <placement_map>
      <memory_area>
         <name>MMR</name>
         <page_id>0x0</page_id>
         <origin>0x0</origin>
         <length>0xc0</length>
         <used_space>0x0</used_space>
         <unused_space>0xc0</unused_space>
         <attributes>RW</attributes>
         <usage_details>
         </usage_details>
      </memory_area>
      <memory_area>
         <name>DARAM</name>
         <page_id>0x0</page_id>
         <origin>0xc0</origin>
         <length>0xff40</length>
         <used_space>0x5d8e</used_space>
         <unused_space>0xa1b2</unused_space>
         <attributes>RW</attributes>
         <usage_details>
            <allocated_space>
               <start_address>0xc0</start_address>
               <size>0x0</size>
               <logical_group_ref idref="lg-9"/>
            </allocated_space>
            <allocated_space>
               <start_address>0xc0</start_address>
               <size>0x4296</size>
               <logical_group_ref idref="lg-a"/>
            </allocated_space>
            <available_space>
               <start_address>0x4356</start_address>
               <size>0x2</size>
            </available_space>
            <allocated_space>
               <start_address>0x4358</start_address>
               <size>0x15ec</size>
               <logical_group_ref idref="lg-3"/>
            </allocated_space>
            <allocated_space>
               <start_address>0x5944</start_address>
               <size>0x200</size>
               <logical_group_ref idref="lg-5"/>
            </allocated_space>
            <allocated_space>
               <start_address>0x5b44</start_address>
               <size>0x200</size>
               <logical_group_ref idref="lg-6"/>
            </allocated_space>
            <allocated_space>
               <start_address>0x5d44</start_address>
               <size>0xc</size>
               <logical_group_ref idref="lg-b"/>
            </allocated_space>
            <allocated_space>
               <start_address>0x5d50</start_address>
               <size>0x100</size>
               <logical_group_ref idref="lg-2"/>
            </allocated_space>
            <available_space>
               <start_address>0x5e50</start_address>
               <size>0xa1b0</size>
            </available_space>
         </usage_details>
      </memory_area>
      <memory_area>
         <name>SARAM1</name>
         <page_id>0x0</page_id>
         <origin>0x10000</origin>
         <length>0x20000</length>
         <used_space>0x1290</used_space>
         <unused_space>0x1ed70</unused_space>
         <attributes>RW</attributes>
         <usage_details>
            <allocated_space>
               <start_address>0x10000</start_address>
               <size>0x1290</size>
               <logical_group_ref idref="lg-8"/>
            </allocated_space>
            <available_space>
               <start_address>0x11290</start_address>
               <size>0x1ed70</size>
            </available_space>
         </usage_details>
      </memory_area>
      <memory_area>
         <name>SARAM2</name>
         <page_id>0x0</page_id>
         <origin>0x30000</origin>
         <length>0x20000</length>
         <used_space>0x4000</used_space>
         <unused_space>0x1c000</unused_space>
         <attributes>RW</attributes>
         <usage_details>
            <allocated_space>
               <start_address>0x30000</start_address>
               <size>0x4000</size>
               <logical_group_ref idref="lg-f"/>
            </allocated_space>
            <available_space>
               <start_address>0x34000</start_address>
               <size>0x1c000</size>
            </available_space>
         </usage_details>
      </memory_area>
      <memory_area>
         <name>EMIF_CS0</name>
         <page_id>0x0</page_id>
         <origin>0x50000</origin>
         <length>0x7b0000</length>
         <used_space>0x0</used_space>
         <unused_space>0x7b0000</unused_space>
         <attributes>RW</attributes>
         <usage_details>
         </usage_details>
      </memory_area>
      <memory_area>
         <name>EMIF_CS2</name>
         <page_id>0x0</page_id>
         <origin>0x800000</origin>
         <length>0x400000</length>
         <used_space>0x0</used_space>
         <unused_space>0x400000</unused_space>
         <attributes>RW</attributes>
         <usage_details>
         </usage_details>
      </memory_area>
      <memory_area>
         <name>EMIF_CS3</name>
         <page_id>0x0</page_id>
         <origin>0xc00000</origin>
         <length>0x200000</length>
         <used_space>0x0</used_space>
         <unused_space>0x200000</unused_space>
         <attributes>RW</attributes>
         <usage_details>
         </usage_details>
      </memory_area>
      <memory_area>
         <name>EMIF_CS4</name>
         <page_id>0x0</page_id>
         <origin>0xe00000</origin>
         <length>0x100000</length>
         <used_space>0x0</used_space>
         <unused_space>0x100000</unused_space>
         <attributes>RW</attributes>
         <usage_details>
         </usage_details>
      </memory_area>
      <memory_area>
         <name>EMIF_CS5</name>
         <page_id>0x0</page_id>
         <origin>0xf00000</origin>
         <length>0xe0000</length>
         <used_space>0x0</used_space>
         <unused_space>0xe0000</unused_space>
         <attributes>RW</attributes>
         <usage_details>
         </usage_details>
      </memory_area>
      <memory_area>
         <name>SAROM_0</name>
         <page_id>0x0</page_id>
         <origin>0xfe0000</origin>
         <length>0x8000</length>
         <used_space>0x0</used_space>
         <unused_space>0x8000</unused_space>
         <attributes>RX</attributes>
         <usage_details>
         </usage_details>
      </memory_area>
      <memory_area>
         <name>SAROM_1</name>
         <page_id>0x0</page_id>
         <origin>0xfe8000</origin>
         <length>0x8000</length>
         <used_space>0x0</used_space>
         <unused_space>0x8000</unused_space>
         <attributes>RX</attributes>
         <usage_details>
         </usage_details>
      </memory_area>
      <memory_area>
         <name>SAROM_2</name>
         <page_id>0x0</page_id>
         <origin>0xff0000</origin>
         <length>0x8000</length>
         <used_space>0x0</used_space>
         <unused_space>0x8000</unused_space>
         <attributes>RX</attributes>
         <usage_details>
         </usage_details>
      </memory_area>
      <memory_area>
         <name>SAROM_3</name>
         <page_id>0x0</page_id>
         <origin>0xff8000</origin>
         <length>0x8000</length>
         <used_space>0x0</used_space>
         <unused_space>0x8000</unused_space>
         <attributes>RX</attributes>
         <usage_details>
         </usage_details>
      </memory_area>
   </placement_map>
   <symbol_table>
      <symbol id="sm-0">
         <name>$TI_capability$C5500$CallingConvention</name>
         <value>0x2</value>
      </symbol>
      <symbol id="sm-1">
         <name>$TI_capability$C5500$MemoryModel</name>
         <value>0x2</value>
      </symbol>
      <symbol id="sm-2">
         <name>$TI_capability_requires_rev3</name>
         <value>0x1</value>
      </symbol>
      <symbol id="sm-3">
         <name>cinit</name>
         <value>0xc0</value>
      </symbol>
      <symbol id="sm-4">
         <name>___cinit__</name>
         <value>0xc0</value>
      </symbol>
      <symbol id="sm-5">
         <name>pinit</name>
         <value>0xffffffff</value>
      </symbol>
      <symbol id="sm-6">
         <name>___pinit__</name>
         <value>0xffffffff</value>
      </symbol>
      <symbol id="sm-7">
         <name>binit</name>
         <value>0xffffffff</value>
      </symbol>
      <symbol id="sm-8">
         <name>___binit__</name>
         <value>0xffffffff</value>
      </symbol>
      <symbol id="sm-9">
         <name>__STACK_SIZE</name>
         <value>0x200</value>
      </symbol>
      <symbol id="sm-a">
         <name>__STACK_END</name>
         <value>0x5b44</value>
      </symbol>
      <symbol id="sm-b">
         <name>___c_args__</name>
         <value>0xffffffff</value>
      </symbol>
      <symbol id="sm-c">
         <name>__SYSSTACK_SIZE</name>
         <value>0x200</value>
      </symbol>
      <symbol id="sm-d">
         <name>.text</name>
         <value>0x10000</value>
      </symbol>
      <symbol id="sm-e">
         <name>___text__</name>
         <value>0x10000</value>
      </symbol>
      <symbol id="sm-f">
         <name>etext</name>
         <value>0x11290</value>
      </symbol>
      <symbol id="sm-10">
         <name>___etext__</name>
         <value>0x11290</value>
      </symbol>
      <symbol id="sm-11">
         <name>.data</name>
         <value>0xc0</value>
      </symbol>
      <symbol id="sm-12">
         <name>___data__</name>
         <value>0xc0</value>
      </symbol>
      <symbol id="sm-13">
         <name>edata</name>
         <value>0xc0</value>
      </symbol>
      <symbol id="sm-14">
         <name>___edata__</name>
         <value>0xc0</value>
      </symbol>
      <symbol id="sm-15">
         <name>.bss</name>
         <value>0x4358</value>
      </symbol>
      <symbol id="sm-16">
         <name>___bss__</name>
         <value>0x4358</value>
      </symbol>
      <symbol id="sm-17">
         <name>end</name>
         <value>0x5944</value>
      </symbol>
      <symbol id="sm-18">
         <name>___end__</name>
         <value>0x5944</value>
      </symbol>
      <symbol id="sm-bc">
         <name>_fir_circular_f</name>
         <value>0x10a2a</value>
         <object_component_ref idref="oc-16"/>
      </symbol>
      <symbol id="sm-bd">
         <name>_fir_circular_fix</name>
         <value>0x10990</value>
         <object_component_ref idref="oc-16"/>
      </symbol>
      <symbol id="sm-be">
         <name>_fir_linear_f</name>
         <value>0x108c0</value>
         <object_component_ref idref="oc-16"/>
      </symbol>
      <symbol id="sm-bf">
         <name>_fir_linear_fix</name>
         <value>0x10850</value>
         <object_component_ref idref="oc-16"/>
      </symbol>
      <symbol id="sm-ca">
         <name>_fir2_asm</name>
         <value>0x10ef0</value>
         <object_component_ref idref="oc-1b"/>
      </symbol>
      <symbol id="sm-d5">
         <name>_fir_asm</name>
         <value>0x110b7</value>
         <object_component_ref idref="oc-1f"/>
      </symbol>
      <symbol id="sm-12f">
         <name>_iir_biquad1_ns</name>
         <value>0x101e8</value>
         <object_component_ref idref="oc-23"/>
      </symbol>
      <symbol id="sm-130">
         <name>_iir_biquad1_f</name>
         <value>0x10347</value>
         <object_component_ref idref="oc-23"/>
      </symbol>
      <symbol id="sm-131">
         <name>_iir_biquad2_fix</name>
         <value>0x10000</value>
         <object_component_ref idref="oc-23"/>
      </symbol>
      <symbol id="sm-132">
         <name>_iir_biquad1_fix</name>
         <value>0x102cc</value>
         <object_component_ref idref="oc-23"/>
      </symbol>
      <symbol id="sm-133">
         <name>_iir_biquad2_f</name>
         <value>0x10071</value>
         <object_component_ref idref="oc-23"/>
      </symbol>
      <symbol id="sm-172">
         <name>_main</name>
         <value>0x10559</value>
         <object_component_ref idref="oc-28"/>
      </symbol>
      <symbol id="sm-173">
         <name>_buffer_asm</name>
         <value>0x45f2</value>
         <object_component_ref idref="oc-29"/>
      </symbol>
      <symbol id="sm-174">
         <name>_afq</name>
         <value>0x4578</value>
         <object_component_ref idref="oc-29"/>
      </symbol>
      <symbol id="sm-175">
         <name>_output1f</name>
         <value>0x4b20</value>
         <object_component_ref idref="oc-29"/>
      </symbol>
      <symbol id="sm-176">
         <name>_output4fix</name>
         <value>0x5520</value>
         <object_component_ref idref="oc-29"/>
      </symbol>
      <symbol id="sm-177">
         <name>_output2f</name>
         <value>0x4f20</value>
         <object_component_ref idref="oc-29"/>
      </symbol>
      <symbol id="sm-178">
         <name>_hfq</name>
         <value>0x448c</value>
         <object_component_ref idref="oc-29"/>
      </symbol>
      <symbol id="sm-179">
         <name>_fbufferc_fir_4</name>
         <value>0x485e</value>
         <object_component_ref idref="oc-29"/>
      </symbol>
      <symbol id="sm-17a">
         <name>_output5fix</name>
         <value>0x5720</value>
         <object_component_ref idref="oc-29"/>
      </symbol>
      <symbol id="sm-17b">
         <name>_power</name>
         <value>0x5930</value>
         <object_component_ref idref="oc-29"/>
      </symbol>
      <symbol id="sm-17c">
         <name>_samples</name>
         <value>0x30000</value>
         <object_component_ref idref="oc-2c"/>
      </symbol>
      <symbol id="sm-17d">
         <name>_fbuffer_fir_3</name>
         <value>0x47f8</value>
         <object_component_ref idref="oc-29"/>
      </symbol>
      <symbol id="sm-17e">
         <name>_compute_error_int</name>
         <value>0x107ad</value>
         <object_component_ref idref="oc-28"/>
      </symbol>
      <symbol id="sm-17f">
         <name>_fbufferc_fir</name>
         <value>0x4728</value>
         <object_component_ref idref="oc-29"/>
      </symbol>
      <symbol id="sm-180">
         <name>_err2</name>
         <value>0x592c</value>
         <object_component_ref idref="oc-29"/>
      </symbol>
      <symbol id="sm-181">
         <name>_err1</name>
         <value>0x5928</value>
         <object_component_ref idref="oc-29"/>
      </symbol>
      <symbol id="sm-182">
         <name>_hf</name>
         <value>0x43c0</value>
         <object_component_ref idref="oc-29"/>
      </symbol>
      <symbol id="sm-183">
         <name>_compute_error_f</name>
         <value>0x10806</value>
         <object_component_ref idref="oc-28"/>
      </symbol>
      <symbol id="sm-184">
         <name>_fbuffer_fir</name>
         <value>0x465c</value>
         <object_component_ref idref="oc-29"/>
      </symbol>
      <symbol id="sm-185">
         <name>_compute_error_intf</name>
         <value>0x1050c</value>
         <object_component_ref idref="oc-28"/>
      </symbol>
      <symbol id="sm-186">
         <name>_output</name>
         <value>0x4920</value>
         <object_component_ref idref="oc-29"/>
      </symbol>
      <symbol id="sm-187">
         <name>_bf</name>
         <value>0x456c</value>
         <object_component_ref idref="oc-29"/>
      </symbol>
      <symbol id="sm-188">
         <name>_af</name>
         <value>0x4564</value>
         <object_component_ref idref="oc-29"/>
      </symbol>
      <symbol id="sm-189">
         <name>_buffer_fir</name>
         <value>0x458c</value>
         <object_component_ref idref="oc-29"/>
      </symbol>
      <symbol id="sm-18a">
         <name>_bfq</name>
         <value>0x4580</value>
         <object_component_ref idref="oc-29"/>
      </symbol>
      <symbol id="sm-18b">
         <name>_h</name>
         <value>0x4358</value>
         <object_component_ref idref="oc-29"/>
      </symbol>
      <symbol id="sm-18c">
         <name>_fbufferns</name>
         <value>0x5920</value>
         <object_component_ref idref="oc-29"/>
      </symbol>
      <symbol id="sm-18d">
         <name>_b</name>
         <value>0x455c</value>
         <object_component_ref idref="oc-29"/>
      </symbol>
      <symbol id="sm-18e">
         <name>_a</name>
         <value>0x4558</value>
         <object_component_ref idref="oc-29"/>
      </symbol>
      <symbol id="sm-18f">
         <name>_output3fix</name>
         <value>0x5320</value>
         <object_component_ref idref="oc-29"/>
      </symbol>
      <symbol id="sm-190">
         <name>_fbuffer1</name>
         <value>0x48c8</value>
         <object_component_ref idref="oc-29"/>
      </symbol>
      <symbol id="sm-191">
         <name>_fbuffer3</name>
         <value>0x48e8</value>
         <object_component_ref idref="oc-29"/>
      </symbol>
      <symbol id="sm-192">
         <name>_fbuffer2</name>
         <value>0x48d8</value>
         <object_component_ref idref="oc-29"/>
      </symbol>
      <symbol id="sm-193">
         <name>_fbuffer5</name>
         <value>0x4900</value>
         <object_component_ref idref="oc-29"/>
      </symbol>
      <symbol id="sm-194">
         <name>_fbuffer4</name>
         <value>0x48f8</value>
         <object_component_ref idref="oc-29"/>
      </symbol>
      <symbol id="sm-195">
         <name>_fbuffer7</name>
         <value>0x4910</value>
         <object_component_ref idref="oc-29"/>
      </symbol>
      <symbol id="sm-196">
         <name>_fbuffer6</name>
         <value>0x4908</value>
         <object_component_ref idref="oc-29"/>
      </symbol>
      <symbol id="sm-197">
         <name>_fbuffer8</name>
         <value>0x4918</value>
         <object_component_ref idref="oc-29"/>
      </symbol>
      <symbol id="sm-1a1">
         <name>__addd</name>
         <value>0x10b4a</value>
         <object_component_ref idref="oc-31"/>
      </symbol>
      <symbol id="sm-1ad">
         <name>__sysstack</name>
         <value>0x5b44</value>
         <object_component_ref idref="oc-74"/>
      </symbol>
      <symbol id="sm-1ae">
         <name>_c_int00</name>
         <value>0x111e3</value>
         <object_component_ref idref="oc-15"/>
      </symbol>
      <symbol id="sm-1af">
         <name>__stack</name>
         <value>0x5944</value>
         <object_component_ref idref="oc-35"/>
      </symbol>
      <symbol id="sm-1bf">
         <name>C$$EXIT</name>
         <value>0x11287</value>
         <object_component_ref idref="oc-3d"/>
      </symbol>
      <symbol id="sm-1c0">
         <name>_exit</name>
         <value>0x111a5</value>
         <object_component_ref idref="oc-39"/>
      </symbol>
      <symbol id="sm-1c1">
         <name>_abort</name>
         <value>0x11286</value>
         <object_component_ref idref="oc-3d"/>
      </symbol>
      <symbol id="sm-1c2">
         <name>__cleanup_ptr</name>
         <value>0x593c</value>
         <object_component_ref idref="oc-3a"/>
      </symbol>
      <symbol id="sm-1c3">
         <name>__dtors_ptr</name>
         <value>0x5940</value>
         <object_component_ref idref="oc-3a"/>
      </symbol>
      <symbol id="sm-1cd">
         <name>__fixdi</name>
         <value>0x11217</value>
         <object_component_ref idref="oc-40"/>
      </symbol>
      <symbol id="sm-1d7">
         <name>__fixdli</name>
         <value>0x10fe1</value>
         <object_component_ref idref="oc-44"/>
      </symbol>
      <symbol id="sm-1e1">
         <name>__fltid</name>
         <value>0x1127a</value>
         <object_component_ref idref="oc-48"/>
      </symbol>
      <symbol id="sm-1ed">
         <name>__fltlid</name>
         <value>0x11050</value>
         <object_component_ref idref="oc-4c"/>
      </symbol>
      <symbol id="sm-1f5">
         <name>__mpyli</name>
         <value>0x11255</value>
         <object_component_ref idref="oc-51"/>
      </symbol>
      <symbol id="sm-1f6">
         <name>I$$LMPY</name>
         <value>0x11255</value>
         <object_component_ref idref="oc-51"/>
      </symbol>
      <symbol id="sm-200">
         <name>__mpyd</name>
         <value>0x10da4</value>
         <object_component_ref idref="oc-55"/>
      </symbol>
      <symbol id="sm-20a">
         <name>__subd</name>
         <value>0x11241</value>
         <object_component_ref idref="oc-59"/>
      </symbol>
      <symbol id="sm-214">
         <name>_Reset</name>
         <value>0x5d50</value>
         <object_component_ref idref="oc-5e"/>
      </symbol>
      <symbol id="sm-222">
         <name>__unlock</name>
         <value>0x5938</value>
         <object_component_ref idref="oc-63"/>
      </symbol>
      <symbol id="sm-223">
         <name>__lock</name>
         <value>0x5934</value>
         <object_component_ref idref="oc-63"/>
      </symbol>
      <symbol id="sm-224">
         <name>__register_lock</name>
         <value>0x11270</value>
         <object_component_ref idref="oc-62"/>
      </symbol>
      <symbol id="sm-225">
         <name>__nop</name>
         <value>0x11278</value>
         <object_component_ref idref="oc-62"/>
      </symbol>
      <symbol id="sm-226">
         <name>__register_unlock</name>
         <value>0x11268</value>
         <object_component_ref idref="oc-62"/>
      </symbol>
      <symbol id="sm-230">
         <name>__args_main</name>
         <value>0x1115a</value>
         <object_component_ref idref="oc-68"/>
      </symbol>
      <symbol id="sm-231">
         <name>__TI_args_main</name>
         <value>0x1</value>
      </symbol>
      <symbol id="sm-239">
         <name>_auto_init</name>
         <value>0x1110d</value>
         <object_component_ref idref="oc-6c"/>
      </symbol>
      <symbol id="sm-243">
         <name>__frcmpyd</name>
         <value>0x10f6b</value>
         <object_component_ref idref="oc-70"/>
      </symbol>
   </symbol_table>
</link_info>
